// Jest Snapshot v1, https://goo.gl/fbAQLP

exports[`should render ExpenseListItems 1`] = `
<div>
  <Link
    to="/edit/1"
  >
    gum
  </Link>
  <p>
    195
     - 
    0
  </p>
</div>
`;
